&{Web:{BindAddresses:[{Host:fe80::7bf:88c6:6820:3c68 Port:7651 IsHttps:false} {Host:127.0.0.1 Port:7651 IsHttps:false}] Https:{Cert:cert.pem Key:key.pem Chain:chain.pem}} Backend:{DatabaseDirectory:data}}
