&{Web:{BindAddresses:[{Host:localhost Port:7651 IsHttps:false}] Https:{Cert:cert.pem Key:key.pem} EnableAuth:false HtpasswdFile:} Backend:{DatabaseDirectory:data}}
