&{Web:{BindAddresses:[{Host:localhost Port:7651 IsHttps:false}] Https:{Cert: Key: Chain:}} Backend:{DatabaseDirectory:data}}
